Введите действие:
 1 - ввести рацион
 2 - подобрать рацион
Введите название рациона питания
Введите энергетическую ценность
Введите содержание белков
Введите содержание жиров
Введите содержание углеводов
Есть добавки?
1 - Да
2 - Нет
Тип добавки:
1 - пищевые добавки
2 - витамины
3 - минералы
Введите название витамина
Введите кол-во
Есть добавки?
1 - Да
2 - Нет
Введите действие:
 1 - ввести рацион
 2 - подобрать рацион
Выберите критерии для поиска рациона:
1 - энергетическая ценность
2 - кол-во белков
3 - кол-во жиров
4 - кол-во углеводов
5 - наличие пищевых добавок
6 - наличие витаминов
7 - наличие минералов
Введите значение:
Подходящие варианты:
diet_1
